// Jest Snapshot v1, https://goo.gl/fbAQLP

exports[`<Card /> checks snapshot of Card 1`] = `
<div
  className="Card"
>
  <button
    type="button"
  >
    delete
  </button>
  <h3>
    some title
  </h3>
  <p>
    some content
  </p>
</div>
`;
